#-----------------------------------------------------------
# Vivado v2023.2 (64-bit)
# SW Build 4029153 on Fri Oct 13 20:14:34 MDT 2023
# IP Build 4028589 on Sat Oct 14 00:45:43 MDT 2023
# SharedData Build 4025554 on Tue Oct 10 17:18:54 MDT 2023
# Start of session at: Thu May  2 09:15:10 2024
# Process ID: 18752
# Current directory: C:/Users/yaras/OneDrive/Desktop/23-24/Spring 2024/EECS 443/Lab/mips_mpu_16instr_yara/mips_mpu_16instr_yara.runs/synth_1
# Command line: vivado.exe -log datapath.vds -product Vivado -mode batch -messageDb vivado.pb -notrace -source datapath.tcl
# Log file: C:/Users/yaras/OneDrive/Desktop/23-24/Spring 2024/EECS 443/Lab/mips_mpu_16instr_yara/mips_mpu_16instr_yara.runs/synth_1/datapath.vds
# Journal file: C:/Users/yaras/OneDrive/Desktop/23-24/Spring 2024/EECS 443/Lab/mips_mpu_16instr_yara/mips_mpu_16instr_yara.runs/synth_1\vivado.jou
# Running On: LAPTOP-EL1GR9DU, OS: Windows, CPU Frequency: 2592 MHz, CPU Physical cores: 6, Host memory: 16954 MB
#-----------------------------------------------------------
source datapath.tcl -notrace
